mode: set
github.com/Arheon/markus-backend/internal/auth/infrastructure/repository/user/repository.go:14.45,16.2 1 0
github.com/Arheon/markus-backend/internal/auth/infrastructure/repository/user/repository.go:18.100,20.2 1 0
github.com/Arheon/markus-backend/internal/server/infrastructure/repository/server/repository.go:20.45,24.2 1 1
github.com/Arheon/markus-backend/internal/server/infrastructure/repository/server/repository.go:26.112,33.70 1 0
github.com/Arheon/markus-backend/internal/server/infrastructure/repository/server/repository.go:33.70,36.5 2 0
github.com/Arheon/markus-backend/internal/server/infrastructure/repository/server/repository.go:39.2,39.24 1 0
github.com/Arheon/markus-backend/internal/server/infrastructure/repository/server/repository.go:42.123,44.16 2 1
github.com/Arheon/markus-backend/internal/server/infrastructure/repository/server/repository.go:44.16,46.3 1 1
github.com/Arheon/markus-backend/internal/server/infrastructure/repository/server/repository.go:48.2,56.16 3 0
github.com/Arheon/markus-backend/internal/server/infrastructure/repository/server/repository.go:56.16,58.3 1 0
github.com/Arheon/markus-backend/internal/server/infrastructure/repository/server/repository.go:60.2,60.23 1 0
github.com/Arheon/markus-backend/internal/shared/domain/service/health/healthprobe.go:15.56,19.2 1 0
github.com/Arheon/markus-backend/internal/shared/domain/service/health/healthprobe.go:21.55,24.2 2 0
github.com/Arheon/markus-backend/internal/shared/domain/service/health/healthprobe.go:26.85,29.43 2 0
github.com/Arheon/markus-backend/internal/shared/domain/service/health/healthprobe.go:29.43,30.31 1 0
github.com/Arheon/markus-backend/internal/shared/domain/service/health/healthprobe.go:30.31,31.12 1 0
github.com/Arheon/markus-backend/internal/shared/domain/service/health/healthprobe.go:34.3,36.17 3 0
github.com/Arheon/markus-backend/internal/shared/domain/service/health/healthprobe.go:36.17,39.4 2 0
github.com/Arheon/markus-backend/internal/shared/domain/service/health/healthprobe.go:41.3,41.21 1 0
github.com/Arheon/markus-backend/internal/shared/domain/service/health/healthprobe.go:44.2,44.52 1 0
github.com/Arheon/markus-backend/cmd/app/app.go:12.13,15.22 2 0
github.com/Arheon/markus-backend/cmd/app/app.go:15.22,18.3 2 0
github.com/Arheon/markus-backend/cmd/app/app.go:19.2,22.16 3 0
github.com/Arheon/markus-backend/cmd/app/app.go:22.16,24.3 1 0
github.com/Arheon/markus-backend/internal/auth/infrastructure/repository/user/repository.go:14.45,16.2 1 0
github.com/Arheon/markus-backend/internal/auth/infrastructure/repository/user/repository.go:18.100,20.2 1 0
github.com/Arheon/markus-backend/configs/config.go:34.45,35.33 1 0
github.com/Arheon/markus-backend/configs/config.go:35.33,37.3 1 0
github.com/Arheon/markus-backend/configs/config.go:39.2,45.41 3 0
github.com/Arheon/markus-backend/configs/config.go:45.41,47.17 2 0
github.com/Arheon/markus-backend/configs/config.go:47.17,49.4 1 0
github.com/Arheon/markus-backend/configs/config.go:50.8,52.17 2 0
github.com/Arheon/markus-backend/configs/config.go:52.17,54.4 1 0
github.com/Arheon/markus-backend/configs/config.go:57.2,57.34 1 0
github.com/Arheon/markus-backend/configs/config.go:57.34,60.3 2 0
github.com/Arheon/markus-backend/configs/config.go:62.2,64.20 2 0
github.com/Arheon/markus-backend/internal/auth/infrastructure/repository/user/repository.go:14.45,16.2 1 0
github.com/Arheon/markus-backend/internal/auth/infrastructure/repository/user/repository.go:18.100,20.2 1 0
github.com/Arheon/markus-backend/internal/auth/application/handler/logout/handler.go:26.28,28.2 1 0
github.com/Arheon/markus-backend/internal/auth/application/handler/logout/handler.go:30.70,35.2 1 0
github.com/Arheon/markus-backend/internal/auth/application/handler/logout/handler.go:37.52,46.21 4 0
github.com/Arheon/markus-backend/internal/auth/application/handler/logout/handler.go:46.21,48.3 1 0
github.com/Arheon/markus-backend/internal/auth/application/handler/logout/handler.go:50.2,50.12 1 0
github.com/Arheon/markus-backend/internal/auth/application/handler/logout/handler.go:50.12,51.27 1 0
github.com/Arheon/markus-backend/internal/auth/application/handler/logout/handler.go:52.15,53.29 1 0
github.com/Arheon/markus-backend/internal/auth/application/handler/logout/handler.go:54.21,55.38 1 0
github.com/Arheon/markus-backend/internal/auth/application/handler/logout/handler.go:56.11,57.32 1 0
github.com/Arheon/markus-backend/internal/auth/application/handler/logout/handler.go:61.2,61.38 1 0
github.com/Arheon/markus-backend/internal/auth/application/handler/login/handler.go:22.81,27.2 1 0
github.com/Arheon/markus-backend/internal/auth/application/handler/login/handler.go:29.69,31.51 2 0
github.com/Arheon/markus-backend/internal/auth/application/handler/login/handler.go:31.51,38.3 2 0
github.com/Arheon/markus-backend/internal/auth/application/handler/login/handler.go:40.2,45.16 5 0
github.com/Arheon/markus-backend/internal/auth/application/handler/login/handler.go:45.16,48.3 2 0
github.com/Arheon/markus-backend/internal/auth/application/handler/login/handler.go:50.2,50.65 1 0
github.com/Arheon/markus-backend/internal/auth/application/handler/login/handler.go:50.65,52.3 1 0
github.com/Arheon/markus-backend/internal/auth/application/handler/login/handler.go:54.2,56.18 2 0
github.com/Arheon/markus-backend/internal/auth/application/handler/login/handler.go:60.66,62.2 1 0
github.com/Arheon/markus-backend/internal/server/domain/command/create_new_server/command.go:14.60,18.2 1 0
github.com/Arheon/markus-backend/internal/server/domain/command/create_new_server/command.go:20.113,22.2 1 0
github.com/Arheon/markus-backend/internal/auth/application/handler/identity/handler.go:13.46,16.38 2 0
github.com/Arheon/markus-backend/internal/auth/application/handler/identity/handler.go:16.38,22.3 1 0
github.com/Arheon/markus-backend/internal/auth/application/handler/identity/handler.go:24.2,24.12 1 0
github.com/Arheon/markus-backend/internal/auth/infrastructure/middleware/jwt/jwt.go:8.42,9.38 1 0
github.com/Arheon/markus-backend/internal/auth/infrastructure/middleware/jwt/jwt.go:9.38,13.3 1 0
github.com/Arheon/markus-backend/internal/auth/infrastructure/middleware/jwt/jwt.go:14.2,14.24 1 0
github.com/Arheon/markus-backend/internal/server/domain/query/get_user_servers/query.go:15.77,20.2 1 0
github.com/Arheon/markus-backend/internal/server/domain/query/get_user_servers/query.go:22.71,24.2 1 0
github.com/Arheon/markus-backend/internal/server/application/handler/get_user_servers/handler.go:14.60,16.2 1 0
github.com/Arheon/markus-backend/internal/server/application/handler/get_user_servers/handler.go:18.44,20.53 2 0
github.com/Arheon/markus-backend/internal/server/application/handler/get_user_servers/handler.go:20.53,23.3 2 0
github.com/Arheon/markus-backend/internal/server/application/handler/get_user_servers/handler.go:25.2,27.16 3 0
github.com/Arheon/markus-backend/internal/server/application/handler/get_user_servers/handler.go:27.16,30.3 2 0
github.com/Arheon/markus-backend/internal/server/application/handler/get_user_servers/handler.go:32.2,32.40 1 0
github.com/Arheon/markus-backend/internal/server/application/handler/create_new_server/handler.go:14.60,18.2 1 0
github.com/Arheon/markus-backend/internal/server/application/handler/create_new_server/handler.go:20.44,22.53 2 0
github.com/Arheon/markus-backend/internal/server/application/handler/create_new_server/handler.go:22.53,25.3 2 0
github.com/Arheon/markus-backend/internal/server/application/handler/create_new_server/handler.go:27.2,28.46 2 0
github.com/Arheon/markus-backend/internal/server/application/handler/create_new_server/handler.go:28.46,31.3 2 0
github.com/Arheon/markus-backend/internal/server/application/handler/create_new_server/handler.go:33.2,35.16 3 0
github.com/Arheon/markus-backend/internal/server/application/handler/create_new_server/handler.go:35.16,38.3 2 0
github.com/Arheon/markus-backend/internal/server/application/handler/create_new_server/handler.go:40.2,40.36 1 0
github.com/Arheon/markus-backend/internal/app.go:31.32,36.16 4 0
github.com/Arheon/markus-backend/internal/app.go:36.16,39.3 2 0
github.com/Arheon/markus-backend/internal/app.go:41.2,43.61 2 0
github.com/Arheon/markus-backend/internal/app.go:43.61,59.17 3 0
github.com/Arheon/markus-backend/internal/app.go:59.17,61.4 1 0
github.com/Arheon/markus-backend/internal/app.go:61.9,63.4 1 0
github.com/Arheon/markus-backend/internal/app.go:65.3,65.17 1 0
github.com/Arheon/markus-backend/internal/app.go:68.2,68.67 1 0
github.com/Arheon/markus-backend/internal/app.go:68.67,70.3 1 0
github.com/Arheon/markus-backend/internal/app.go:72.2,72.67 1 0
github.com/Arheon/markus-backend/internal/app.go:72.67,74.3 1 0
github.com/Arheon/markus-backend/internal/app.go:76.2,76.74 1 0
github.com/Arheon/markus-backend/internal/app.go:76.74,78.17 2 0
github.com/Arheon/markus-backend/internal/app.go:78.17,80.4 1 0
github.com/Arheon/markus-backend/internal/app.go:82.3,83.17 2 0
github.com/Arheon/markus-backend/internal/app.go:83.17,85.4 1 0
github.com/Arheon/markus-backend/internal/app.go:87.3,88.17 2 0
github.com/Arheon/markus-backend/internal/app.go:88.17,90.4 1 0
github.com/Arheon/markus-backend/internal/app.go:92.3,97.24 5 0
github.com/Arheon/markus-backend/internal/app.go:97.24,99.4 1 0
github.com/Arheon/markus-backend/internal/app.go:101.3,119.29 2 0
github.com/Arheon/markus-backend/internal/app.go:122.2,122.82 1 0
github.com/Arheon/markus-backend/internal/app.go:122.82,124.17 2 0
github.com/Arheon/markus-backend/internal/app.go:124.17,126.4 1 0
github.com/Arheon/markus-backend/internal/app.go:128.3,128.51 1 0
github.com/Arheon/markus-backend/internal/app.go:131.2,131.82 1 0
github.com/Arheon/markus-backend/internal/app.go:131.82,133.17 2 0
github.com/Arheon/markus-backend/internal/app.go:133.17,135.4 1 0
github.com/Arheon/markus-backend/internal/app.go:137.3,137.51 1 0
github.com/Arheon/markus-backend/internal/app.go:140.2,140.86 1 0
github.com/Arheon/markus-backend/internal/app.go:140.86,142.17 2 0
github.com/Arheon/markus-backend/internal/app.go:142.17,144.4 1 0
github.com/Arheon/markus-backend/internal/app.go:146.3,146.55 1 0
github.com/Arheon/markus-backend/internal/app.go:149.2,151.12 2 0
github.com/Arheon/markus-backend/internal/server/infrastructure/repository/server/repository.go:20.45,24.2 1 1
github.com/Arheon/markus-backend/internal/server/infrastructure/repository/server/repository.go:26.112,33.70 1 0
github.com/Arheon/markus-backend/internal/server/infrastructure/repository/server/repository.go:33.70,36.5 2 0
github.com/Arheon/markus-backend/internal/server/infrastructure/repository/server/repository.go:39.2,39.24 1 0
github.com/Arheon/markus-backend/internal/server/infrastructure/repository/server/repository.go:42.123,44.16 2 1
github.com/Arheon/markus-backend/internal/server/infrastructure/repository/server/repository.go:44.16,46.3 1 1
github.com/Arheon/markus-backend/internal/server/infrastructure/repository/server/repository.go:48.2,56.16 3 0
github.com/Arheon/markus-backend/internal/server/infrastructure/repository/server/repository.go:56.16,58.3 1 0
github.com/Arheon/markus-backend/internal/server/infrastructure/repository/server/repository.go:60.2,60.23 1 0
github.com/Arheon/markus-backend/internal/shared/domain/service/health/healthprobe.go:15.56,19.2 1 0
github.com/Arheon/markus-backend/internal/shared/domain/service/health/healthprobe.go:21.55,24.2 2 0
github.com/Arheon/markus-backend/internal/shared/domain/service/health/healthprobe.go:26.85,29.43 2 0
github.com/Arheon/markus-backend/internal/shared/domain/service/health/healthprobe.go:29.43,30.31 1 0
github.com/Arheon/markus-backend/internal/shared/domain/service/health/healthprobe.go:30.31,31.12 1 0
github.com/Arheon/markus-backend/internal/shared/domain/service/health/healthprobe.go:34.3,36.17 3 0
github.com/Arheon/markus-backend/internal/shared/domain/service/health/healthprobe.go:36.17,39.4 2 0
github.com/Arheon/markus-backend/internal/shared/domain/service/health/healthprobe.go:41.3,41.21 1 0
github.com/Arheon/markus-backend/internal/shared/domain/service/health/healthprobe.go:44.2,44.52 1 0
github.com/Arheon/markus-backend/internal/shared/domain/service/health/healthprobe.go:15.56,19.2 1 0
github.com/Arheon/markus-backend/internal/shared/domain/service/health/healthprobe.go:21.55,24.2 2 0
github.com/Arheon/markus-backend/internal/shared/domain/service/health/healthprobe.go:26.85,29.43 2 0
github.com/Arheon/markus-backend/internal/shared/domain/service/health/healthprobe.go:29.43,30.31 1 0
github.com/Arheon/markus-backend/internal/shared/domain/service/health/healthprobe.go:30.31,31.12 1 0
github.com/Arheon/markus-backend/internal/shared/domain/service/health/healthprobe.go:34.3,36.17 3 0
github.com/Arheon/markus-backend/internal/shared/domain/service/health/healthprobe.go:36.17,39.4 2 0
github.com/Arheon/markus-backend/internal/shared/domain/service/health/healthprobe.go:41.3,41.21 1 0
github.com/Arheon/markus-backend/internal/shared/domain/service/health/healthprobe.go:44.2,44.52 1 0
github.com/Arheon/markus-backend/internal/shared/application/handler/health/handler.go:16.54,20.2 1 0
github.com/Arheon/markus-backend/internal/shared/application/handler/health/handler.go:22.54,26.53 3 0
github.com/Arheon/markus-backend/internal/shared/application/handler/health/handler.go:26.53,27.22 1 0
github.com/Arheon/markus-backend/internal/shared/application/handler/health/handler.go:27.22,29.4 1 0
github.com/Arheon/markus-backend/internal/shared/application/handler/health/handler.go:31.3,32.9 2 0
github.com/Arheon/markus-backend/internal/shared/application/handler/health/handler.go:35.2,37.16 3 0
github.com/Arheon/markus-backend/internal/shared/application/handler/health/handler.go:37.16,38.22 1 0
github.com/Arheon/markus-backend/internal/shared/application/handler/health/handler.go:38.22,40.4 1 0
github.com/Arheon/markus-backend/internal/shared/application/handler/health/handler.go:42.3,43.9 2 0
github.com/Arheon/markus-backend/internal/shared/application/handler/health/handler.go:46.2,46.40 1 0
github.com/Arheon/markus-backend/internal/shared/domain/errors/errors.go:31.31,33.2 1 0
github.com/Arheon/markus-backend/internal/shared/domain/errors/errors.go:35.42,39.2 2 0
github.com/Arheon/markus-backend/internal/shared/domain/errors/errors.go:41.33,43.2 1 0
github.com/Arheon/markus-backend/internal/shared/domain/errors/errors.go:45.31,47.2 1 0
github.com/Arheon/markus-backend/internal/shared/domain/errors/errors.go:49.34,51.2 1 0
github.com/Arheon/markus-backend/internal/shared/domain/errors/errors.go:53.61,59.2 1 0
github.com/Arheon/markus-backend/internal/shared/domain/errors/errors.go:65.29,66.25 1 0
github.com/Arheon/markus-backend/internal/shared/domain/errors/errors.go:67.35,69.15 2 0
github.com/Arheon/markus-backend/internal/shared/domain/errors/errors.go:69.15,71.4 1 0
github.com/Arheon/markus-backend/internal/shared/domain/errors/errors.go:73.3,73.11 1 0
github.com/Arheon/markus-backend/internal/shared/domain/errors/errors.go:74.37,76.15 2 0
github.com/Arheon/markus-backend/internal/shared/domain/errors/errors.go:76.15,78.4 1 0
github.com/Arheon/markus-backend/internal/shared/domain/errors/errors.go:80.3,81.15 2 0
github.com/Arheon/markus-backend/internal/shared/domain/errors/errors.go:81.15,83.4 1 0
github.com/Arheon/markus-backend/internal/shared/domain/errors/errors.go:84.3,84.11 1 0
github.com/Arheon/markus-backend/internal/shared/domain/errors/errors.go:85.10,86.13 1 0
github.com/Arheon/markus-backend/internal/shared/infrastructure/servers/http/router/v1/health/controller.go:9.74,16.2 4 0
github.com/Arheon/markus-backend/internal/shared/infrastructure/apperror/validation.go:14.71,19.2 1 0
github.com/Arheon/markus-backend/internal/shared/infrastructure/apperror/validation.go:21.48,24.18 2 0
github.com/Arheon/markus-backend/internal/shared/infrastructure/apperror/validation.go:25.18,26.68 1 0
github.com/Arheon/markus-backend/internal/shared/infrastructure/apperror/validation.go:27.15,28.98 1 0
github.com/Arheon/markus-backend/internal/shared/infrastructure/apperror/validation.go:29.14,30.97 1 0
github.com/Arheon/markus-backend/internal/shared/infrastructure/apperror/validation.go:31.24,32.107 1 0
github.com/Arheon/markus-backend/internal/shared/infrastructure/apperror/validation.go:33.18,34.36 1 0
github.com/Arheon/markus-backend/internal/shared/infrastructure/apperror/validation.go:35.46,36.92 1 0
github.com/Arheon/markus-backend/internal/shared/infrastructure/apperror/validation.go:37.21,38.91 1 0
github.com/Arheon/markus-backend/internal/shared/infrastructure/apperror/validation.go:39.20,40.123 1 0
github.com/Arheon/markus-backend/internal/shared/infrastructure/apperror/validation.go:41.19,42.110 1 0
github.com/Arheon/markus-backend/internal/shared/infrastructure/apperror/validation.go:44.2,44.19 1 0
github.com/Arheon/markus-backend/internal/shared/infrastructure/apperror/validation.go:47.70,49.24 2 0
github.com/Arheon/markus-backend/internal/shared/infrastructure/apperror/validation.go:49.24,51.3 1 0
github.com/Arheon/markus-backend/internal/shared/infrastructure/apperror/validation.go:53.2,53.12 1 0
github.com/Arheon/markus-backend/internal/shared/domain/entity/server.go:8.34,10.2 1 0
github.com/Arheon/markus-backend/internal/shared/domain/entity/user.go:9.32,11.2 1 0
github.com/Arheon/markus-backend/internal/shared/infrastructure/servers/http/router/router.go:9.72,10.19 1 0
github.com/Arheon/markus-backend/internal/shared/infrastructure/servers/http/router/router.go:10.19,12.3 1 0
github.com/Arheon/markus-backend/internal/shared/infrastructure/servers/http/router/router.go:14.2,16.45 2 0
github.com/Arheon/markus-backend/internal/shared/infrastructure/servers/http/router/router.go:16.45,18.3 1 0
github.com/Arheon/markus-backend/internal/shared/infrastructure/servers/http/router/router.go:19.2,19.20 1 0
github.com/Arheon/markus-backend/internal/shared/infrastructure/servers/http/server.go:17.45,22.15 4 0
github.com/Arheon/markus-backend/internal/shared/infrastructure/servers/http/server.go:22.15,25.3 2 0
github.com/Arheon/markus-backend/internal/shared/infrastructure/servers/http/server.go:27.2,27.19 1 0
github.com/Arheon/markus-backend/internal/shared/infrastructure/servers/http/server.go:27.19,29.3 1 0
github.com/Arheon/markus-backend/internal/shared/infrastructure/servers/http/server.go:31.2,32.16 2 0
github.com/Arheon/markus-backend/internal/shared/infrastructure/servers/http/server.go:32.16,34.3 1 0
github.com/Arheon/markus-backend/internal/shared/infrastructure/servers/http/server.go:36.2,41.12 2 0
github.com/Arheon/markus-backend/internal/shared/infrastructure/servers/http/server.go:41.12,42.77 1 0
github.com/Arheon/markus-backend/internal/shared/infrastructure/servers/http/server.go:42.77,44.4 1 0
github.com/Arheon/markus-backend/internal/shared/infrastructure/servers/http/server.go:47.2,54.42 6 0
github.com/Arheon/markus-backend/internal/shared/infrastructure/servers/http/server.go:54.42,56.3 1 0
github.com/Arheon/markus-backend/internal/shared/infrastructure/servers/http/server.go:58.2,58.32 1 0
github.com/Arheon/markus-backend/internal/shared/application/query/health/health.go:14.50,18.2 1 0
github.com/Arheon/markus-backend/internal/shared/application/query/health/health.go:20.80,29.19 7 0
github.com/Arheon/markus-backend/internal/shared/application/query/health/health.go:30.18,31.61 1 0
github.com/Arheon/markus-backend/internal/shared/application/query/health/health.go:32.19,33.61 1 0
github.com/Arheon/markus-backend/internal/shared/application/query/health/health.go:36.2,36.16 1 0
github.com/Arheon/markus-backend/internal/shared/application/query/health/health.go:36.16,39.3 2 0
github.com/Arheon/markus-backend/internal/shared/application/query/health/health.go:41.2,41.20 1 0
github.com/Arheon/markus-backend/internal/user/infrastructure/repository/user/repository.go:19.45,21.2 1 1
github.com/Arheon/markus-backend/internal/user/infrastructure/repository/user/repository.go:23.134,25.16 2 1
github.com/Arheon/markus-backend/internal/user/infrastructure/repository/user/repository.go:25.16,27.3 1 0
github.com/Arheon/markus-backend/internal/user/infrastructure/repository/user/repository.go:29.2,29.15 1 1
github.com/Arheon/markus-backend/internal/user/infrastructure/repository/user/repository.go:29.15,31.3 1 1
github.com/Arheon/markus-backend/internal/user/infrastructure/repository/user/repository.go:33.2,43.16 4 1
github.com/Arheon/markus-backend/internal/user/infrastructure/repository/user/repository.go:43.16,45.3 1 0
github.com/Arheon/markus-backend/internal/user/infrastructure/repository/user/repository.go:47.2,47.21 1 1
github.com/Arheon/markus-backend/internal/user/infrastructure/repository/user/repository.go:50.98,52.2 1 0
github.com/Arheon/markus-backend/internal/shared/infrastructure/servers/http/router/v1/user/controller.go:13.75,15.16 2 0
github.com/Arheon/markus-backend/internal/shared/infrastructure/servers/http/router/v1/user/controller.go:15.16,17.3 1 0
github.com/Arheon/markus-backend/internal/shared/infrastructure/servers/http/router/v1/user/controller.go:19.2,20.16 2 0
github.com/Arheon/markus-backend/internal/shared/infrastructure/servers/http/router/v1/user/controller.go:20.16,22.3 1 0
github.com/Arheon/markus-backend/internal/shared/infrastructure/servers/http/router/v1/user/controller.go:24.2,25.16 2 0
github.com/Arheon/markus-backend/internal/shared/infrastructure/servers/http/router/v1/user/controller.go:25.16,27.3 1 0
github.com/Arheon/markus-backend/internal/shared/infrastructure/servers/http/router/v1/user/controller.go:29.2,31.2 3 0
github.com/Arheon/markus-backend/internal/shared/infrastructure/servers/http/router/v1/user/controller.go:31.2,35.3 3 0
github.com/Arheon/markus-backend/internal/shared/infrastructure/servers/http/router/v1/user/controller.go:37.2,37.12 1 0
github.com/Arheon/markus-backend/internal/shared/domain/service/health/strategy/liveness.go:15.56,17.2 1 0
github.com/Arheon/markus-backend/internal/shared/domain/service/health/strategy/liveness.go:19.62,23.16 3 0
github.com/Arheon/markus-backend/internal/shared/domain/service/health/strategy/liveness.go:23.16,25.3 1 0
github.com/Arheon/markus-backend/internal/shared/domain/service/health/strategy/liveness.go:27.2,27.33 1 0
github.com/Arheon/markus-backend/internal/shared/domain/service/health/strategy/liveness.go:27.33,29.3 1 0
github.com/Arheon/markus-backend/internal/shared/domain/service/health/strategy/liveness.go:31.2,43.31 4 0
github.com/Arheon/markus-backend/internal/shared/domain/service/health/strategy/liveness.go:43.31,45.3 1 0
github.com/Arheon/markus-backend/internal/shared/domain/service/health/strategy/liveness.go:47.2,47.30 1 0
github.com/Arheon/markus-backend/internal/shared/domain/service/health/strategy/liveness.go:50.60,52.2 1 0
github.com/Arheon/markus-backend/internal/shared/domain/service/health/strategy/readiness.go:12.56,14.2 1 0
github.com/Arheon/markus-backend/internal/shared/domain/service/health/strategy/readiness.go:16.63,25.2 2 0
github.com/Arheon/markus-backend/internal/shared/domain/service/health/strategy/readiness.go:27.61,29.2 1 0
github.com/Arheon/markus-backend/internal/shared/infrastructure/servers/http/router/v1/auth/controller.go:9.75,11.16 2 0
github.com/Arheon/markus-backend/internal/shared/infrastructure/servers/http/router/v1/auth/controller.go:11.16,13.3 1 0
github.com/Arheon/markus-backend/internal/shared/infrastructure/servers/http/router/v1/auth/controller.go:15.2,19.2 4 0
github.com/Arheon/markus-backend/internal/shared/infrastructure/servers/http/router/v1/auth/controller.go:19.2,21.3 1 0
github.com/Arheon/markus-backend/internal/shared/infrastructure/servers/http/router/v1/auth/controller.go:23.2,23.12 1 0
github.com/Arheon/markus-backend/internal/shared/infrastructure/servers/http/router/v1/v1.go:12.61,14.60 2 0
github.com/Arheon/markus-backend/internal/shared/infrastructure/servers/http/router/v1/v1.go:14.60,16.3 1 0
github.com/Arheon/markus-backend/internal/shared/infrastructure/servers/http/router/v1/v1.go:18.2,18.59 1 0
github.com/Arheon/markus-backend/internal/shared/infrastructure/servers/http/router/v1/v1.go:18.59,20.3 1 0
github.com/Arheon/markus-backend/internal/shared/infrastructure/servers/http/router/v1/v1.go:22.2,22.59 1 0
github.com/Arheon/markus-backend/internal/shared/infrastructure/servers/http/router/v1/v1.go:22.59,24.3 1 0
github.com/Arheon/markus-backend/internal/shared/infrastructure/servers/http/router/v1/v1.go:26.2,26.60 1 0
github.com/Arheon/markus-backend/internal/shared/infrastructure/servers/http/router/v1/v1.go:26.60,28.3 1 0
github.com/Arheon/markus-backend/internal/shared/infrastructure/servers/http/router/v1/v1.go:30.2,30.12 1 0
github.com/Arheon/markus-backend/internal/user/application/handler/registration/handler.go:16.91,21.2 1 0
github.com/Arheon/markus-backend/internal/user/application/handler/registration/handler.go:23.44,25.46 2 0
github.com/Arheon/markus-backend/internal/user/application/handler/registration/handler.go:25.46,28.3 2 0
github.com/Arheon/markus-backend/internal/user/application/handler/registration/handler.go:30.2,34.16 4 0
github.com/Arheon/markus-backend/internal/user/application/handler/registration/handler.go:34.16,37.3 2 0
github.com/Arheon/markus-backend/internal/user/application/handler/registration/handler.go:39.2,42.4 1 0
github.com/Arheon/markus-backend/internal/shared/infrastructure/helpers/env.go:3.32,5.2 1 0
github.com/Arheon/markus-backend/internal/shared/infrastructure/helpers/env.go:6.33,8.2 1 0
github.com/Arheon/markus-backend/internal/shared/infrastructure/helpers/password-hash.go:5.52,7.16 2 0
github.com/Arheon/markus-backend/internal/shared/infrastructure/helpers/password-hash.go:7.16,9.3 1 0
github.com/Arheon/markus-backend/internal/shared/infrastructure/helpers/password-hash.go:10.2,10.36 1 0
github.com/Arheon/markus-backend/internal/shared/infrastructure/helpers/password-hash.go:13.52,18.2 2 0
github.com/Arheon/markus-backend/internal/shared/infrastructure/helpers/response.go:20.69,28.2 1 0
github.com/Arheon/markus-backend/internal/shared/infrastructure/helpers/response.go:30.101,44.2 1 0
github.com/Arheon/markus-backend/internal/shared/infrastructure/helpers/response.go:46.94,62.2 1 0
github.com/Arheon/markus-backend/internal/shared/infrastructure/helpers/response.go:64.99,72.2 1 0
github.com/Arheon/markus-backend/internal/shared/infrastructure/helpers/response.go:76.65,83.9 2 0
github.com/Arheon/markus-backend/internal/shared/infrastructure/helpers/response.go:84.27,85.84 1 0
github.com/Arheon/markus-backend/internal/shared/infrastructure/helpers/response.go:85.84,87.4 1 0
github.com/Arheon/markus-backend/internal/shared/infrastructure/helpers/response.go:89.3,89.17 1 0
github.com/Arheon/markus-backend/internal/shared/infrastructure/helpers/response.go:89.17,98.4 2 0
github.com/Arheon/markus-backend/internal/shared/infrastructure/helpers/response.go:100.3,102.9 3 0
github.com/Arheon/markus-backend/internal/shared/infrastructure/helpers/response.go:103.27,106.9 3 0
github.com/Arheon/markus-backend/internal/shared/infrastructure/helpers/response.go:107.27,110.9 3 0
github.com/Arheon/markus-backend/internal/shared/infrastructure/helpers/response.go:113.2,113.31 1 0
github.com/Arheon/markus-backend/internal/shared/infrastructure/helpers/response.go:116.89,127.2 1 0
github.com/Arheon/markus-backend/internal/shared/infrastructure/helpers/response.go:129.91,140.2 1 0
github.com/Arheon/markus-backend/internal/shared/infrastructure/helpers/response.go:142.48,145.2 2 0
github.com/Arheon/markus-backend/internal/shared/infrastructure/helpers/response.go:147.50,152.2 1 0
github.com/Arheon/markus-backend/internal/shared/infrastructure/helpers/response.go:154.53,156.2 1 0
github.com/Arheon/markus-backend/internal/shared/infrastructure/helpers/response.go:158.44,160.2 1 0
github.com/Arheon/markus-backend/internal/shared/infrastructure/helpers/response.go:162.49,164.2 1 0
github.com/Arheon/markus-backend/internal/shared/infrastructure/helpers/response.go:166.51,168.2 1 0
github.com/Arheon/markus-backend/internal/shared/infrastructure/helpers/response.go:170.75,172.2 1 0
github.com/Arheon/markus-backend/internal/shared/infrastructure/helpers/response.go:175.62,182.9 2 0
github.com/Arheon/markus-backend/internal/shared/infrastructure/helpers/response.go:183.27,185.9 2 0
github.com/Arheon/markus-backend/internal/shared/infrastructure/helpers/response.go:186.27,191.9 4 0
github.com/Arheon/markus-backend/internal/shared/infrastructure/helpers/response.go:192.27,197.9 4 0
github.com/Arheon/markus-backend/internal/shared/infrastructure/helpers/response.go:200.2,200.31 1 0
github.com/Arheon/markus-backend/internal/shared/infrastructure/helpers/response.go:203.53,205.2 1 0
github.com/Arheon/markus-backend/internal/shared/infrastructure/helpers/response.go:207.53,209.2 1 0
github.com/Arheon/markus-backend/internal/shared/infrastructure/helpers/response.go:211.57,213.2 1 0
github.com/Arheon/markus-backend/internal/shared/infrastructure/helpers/response.go:214.60,216.2 1 0
github.com/Arheon/markus-backend/internal/shared/infrastructure/servers/http/router/v1/server/controller.go:12.74,14.16 2 0
github.com/Arheon/markus-backend/internal/shared/infrastructure/servers/http/router/v1/server/controller.go:14.16,16.3 1 0
github.com/Arheon/markus-backend/internal/shared/infrastructure/servers/http/router/v1/server/controller.go:18.2,21.16 3 0
github.com/Arheon/markus-backend/internal/shared/infrastructure/servers/http/router/v1/server/controller.go:21.16,23.3 1 0
github.com/Arheon/markus-backend/internal/shared/infrastructure/servers/http/router/v1/server/controller.go:25.2,28.3 2 0
github.com/Arheon/markus-backend/internal/shared/infrastructure/servers/http/router/v1/server/controller.go:29.2,32.3 2 0
github.com/Arheon/markus-backend/internal/shared/infrastructure/servers/http/router/v1/server/controller.go:34.2,34.12 1 0
github.com/Arheon/markus-backend/internal/user/domain/service/auth/password.go:15.60,16.38 1 0
github.com/Arheon/markus-backend/internal/user/domain/service/auth/password.go:16.38,18.3 1 0
github.com/Arheon/markus-backend/internal/user/domain/service/auth/password.go:20.2,20.38 1 0
github.com/Arheon/markus-backend/internal/user/domain/service/auth/password.go:20.38,22.3 1 0
github.com/Arheon/markus-backend/internal/user/domain/service/auth/password.go:24.2,24.12 1 0
github.com/Arheon/markus-backend/internal/user/domain/service/auth/username.go:21.46,25.27 3 1
github.com/Arheon/markus-backend/internal/user/domain/service/auth/username.go:25.27,27.3 1 1
github.com/Arheon/markus-backend/internal/user/domain/service/auth/username.go:29.2,29.27 1 1
github.com/Arheon/markus-backend/internal/user/domain/service/auth/username.go:29.27,31.3 1 1
github.com/Arheon/markus-backend/internal/user/domain/service/auth/username.go:33.2,33.29 1 1
github.com/Arheon/markus-backend/internal/user/domain/service/auth/username.go:33.29,34.27 1 1
github.com/Arheon/markus-backend/internal/user/domain/service/auth/username.go:34.27,36.4 1 1
github.com/Arheon/markus-backend/internal/user/domain/service/auth/username.go:38.3,38.32 1 1
github.com/Arheon/markus-backend/internal/user/domain/service/auth/username.go:38.32,40.4 1 1
github.com/Arheon/markus-backend/internal/user/domain/service/auth/username.go:43.2,43.12 1 1
github.com/Arheon/markus-backend/internal/user/application/handler/user_info/handler.go:16.91,21.2 1 0
github.com/Arheon/markus-backend/internal/user/application/handler/user_info/handler.go:23.44,25.53 2 0
github.com/Arheon/markus-backend/internal/user/application/handler/user_info/handler.go:25.53,27.3 1 0
github.com/Arheon/markus-backend/internal/user/application/handler/user_info/handler.go:29.2,32.16 4 0
github.com/Arheon/markus-backend/internal/user/application/handler/user_info/handler.go:32.16,35.3 2 0
github.com/Arheon/markus-backend/internal/user/application/handler/user_info/handler.go:37.2,37.50 1 0
github.com/Arheon/markus-backend/internal/user/application/handler/user_info/response.go:10.44,15.2 1 0
github.com/Arheon/markus-backend/internal/user/domain/service/auth/password.go:15.60,16.38 1 0
github.com/Arheon/markus-backend/internal/user/domain/service/auth/password.go:16.38,18.3 1 0
github.com/Arheon/markus-backend/internal/user/domain/service/auth/password.go:20.2,20.38 1 0
github.com/Arheon/markus-backend/internal/user/domain/service/auth/password.go:20.38,22.3 1 0
github.com/Arheon/markus-backend/internal/user/domain/service/auth/password.go:24.2,24.12 1 0
github.com/Arheon/markus-backend/internal/user/domain/service/auth/username.go:21.46,25.27 3 1
github.com/Arheon/markus-backend/internal/user/domain/service/auth/username.go:25.27,27.3 1 1
github.com/Arheon/markus-backend/internal/user/domain/service/auth/username.go:29.2,29.27 1 1
github.com/Arheon/markus-backend/internal/user/domain/service/auth/username.go:29.27,31.3 1 1
github.com/Arheon/markus-backend/internal/user/domain/service/auth/username.go:33.2,33.29 1 1
github.com/Arheon/markus-backend/internal/user/domain/service/auth/username.go:33.29,34.27 1 1
github.com/Arheon/markus-backend/internal/user/domain/service/auth/username.go:34.27,36.4 1 1
github.com/Arheon/markus-backend/internal/user/domain/service/auth/username.go:38.3,38.32 1 1
github.com/Arheon/markus-backend/internal/user/domain/service/auth/username.go:38.32,40.4 1 1
github.com/Arheon/markus-backend/internal/user/domain/service/auth/username.go:43.2,43.12 1 1
github.com/Arheon/markus-backend/internal/user/domain/service/auth/password.go:15.60,16.38 1 0
github.com/Arheon/markus-backend/internal/user/domain/service/auth/password.go:16.38,18.3 1 0
github.com/Arheon/markus-backend/internal/user/domain/service/auth/password.go:20.2,20.38 1 0
github.com/Arheon/markus-backend/internal/user/domain/service/auth/password.go:20.38,22.3 1 0
github.com/Arheon/markus-backend/internal/user/domain/service/auth/password.go:24.2,24.12 1 0
github.com/Arheon/markus-backend/internal/user/domain/service/auth/username.go:21.46,25.27 3 1
github.com/Arheon/markus-backend/internal/user/domain/service/auth/username.go:25.27,27.3 1 1
github.com/Arheon/markus-backend/internal/user/domain/service/auth/username.go:29.2,29.27 1 1
github.com/Arheon/markus-backend/internal/user/domain/service/auth/username.go:29.27,31.3 1 1
github.com/Arheon/markus-backend/internal/user/domain/service/auth/username.go:33.2,33.29 1 1
github.com/Arheon/markus-backend/internal/user/domain/service/auth/username.go:33.29,34.27 1 1
github.com/Arheon/markus-backend/internal/user/domain/service/auth/username.go:34.27,36.4 1 1
github.com/Arheon/markus-backend/internal/user/domain/service/auth/username.go:38.3,38.32 1 1
github.com/Arheon/markus-backend/internal/user/domain/service/auth/username.go:38.32,40.4 1 1
github.com/Arheon/markus-backend/internal/user/domain/service/auth/username.go:43.2,43.12 1 1
github.com/Arheon/markus-backend/internal/user/domain/query/get_user_info/query.go:15.85,19.2 1 0
github.com/Arheon/markus-backend/internal/user/domain/query/get_user_info/query.go:21.57,23.2 1 0
github.com/Arheon/markus-backend/internal/user/domain/repository/mocks/UserRepository_mock.go:19.24,23.19 3 0
github.com/Arheon/markus-backend/internal/user/domain/repository/mocks/UserRepository_mock.go:23.19,23.49 1 0
github.com/Arheon/markus-backend/internal/user/domain/repository/mocks/UserRepository_mock.go:25.2,25.13 1 0
github.com/Arheon/markus-backend/internal/user/domain/repository/mocks/UserRepository_mock.go:37.69,39.2 1 0
github.com/Arheon/markus-backend/internal/user/domain/repository/mocks/UserRepository_mock.go:42.145,45.19 2 0
github.com/Arheon/markus-backend/internal/user/domain/repository/mocks/UserRepository_mock.go:45.19,46.70 1 0
github.com/Arheon/markus-backend/internal/user/domain/repository/mocks/UserRepository_mock.go:49.2,51.100 3 0
github.com/Arheon/markus-backend/internal/user/domain/repository/mocks/UserRepository_mock.go:51.100,53.3 1 0
github.com/Arheon/markus-backend/internal/user/domain/repository/mocks/UserRepository_mock.go:54.2,54.91 1 0
github.com/Arheon/markus-backend/internal/user/domain/repository/mocks/UserRepository_mock.go:54.91,56.3 1 0
github.com/Arheon/markus-backend/internal/user/domain/repository/mocks/UserRepository_mock.go:56.8,57.24 1 0
github.com/Arheon/markus-backend/internal/user/domain/repository/mocks/UserRepository_mock.go:57.24,59.4 1 0
github.com/Arheon/markus-backend/internal/user/domain/repository/mocks/UserRepository_mock.go:61.2,61.84 1 0
github.com/Arheon/markus-backend/internal/user/domain/repository/mocks/UserRepository_mock.go:61.84,63.3 1 0
github.com/Arheon/markus-backend/internal/user/domain/repository/mocks/UserRepository_mock.go:63.8,65.3 1 0
github.com/Arheon/markus-backend/internal/user/domain/repository/mocks/UserRepository_mock.go:66.2,66.15 1 0
github.com/Arheon/markus-backend/internal/user/domain/repository/mocks/UserRepository_mock.go:78.189,80.2 1 0
github.com/Arheon/markus-backend/internal/user/domain/repository/mocks/UserRepository_mock.go:82.193,83.40 1 0
github.com/Arheon/markus-backend/internal/user/domain/repository/mocks/UserRepository_mock.go:83.40,85.21 2 0
github.com/Arheon/markus-backend/internal/user/domain/repository/mocks/UserRepository_mock.go:85.21,87.4 1 0
github.com/Arheon/markus-backend/internal/user/domain/repository/mocks/UserRepository_mock.go:88.3,89.21 2 0
github.com/Arheon/markus-backend/internal/user/domain/repository/mocks/UserRepository_mock.go:89.21,91.4 1 0
github.com/Arheon/markus-backend/internal/user/domain/repository/mocks/UserRepository_mock.go:92.3,93.21 2 0
github.com/Arheon/markus-backend/internal/user/domain/repository/mocks/UserRepository_mock.go:93.21,95.4 1 0
github.com/Arheon/markus-backend/internal/user/domain/repository/mocks/UserRepository_mock.go:96.3,100.4 1 0
github.com/Arheon/markus-backend/internal/user/domain/repository/mocks/UserRepository_mock.go:102.2,102.11 1 0
github.com/Arheon/markus-backend/internal/user/domain/repository/mocks/UserRepository_mock.go:105.156,108.2 2 0
github.com/Arheon/markus-backend/internal/user/domain/repository/mocks/UserRepository_mock.go:110.224,113.2 2 0
github.com/Arheon/markus-backend/internal/user/domain/repository/mocks/UserRepository_mock.go:116.109,119.19 2 0
github.com/Arheon/markus-backend/internal/user/domain/repository/mocks/UserRepository_mock.go:119.19,120.53 1 0
github.com/Arheon/markus-backend/internal/user/domain/repository/mocks/UserRepository_mock.go:123.2,125.92 3 0
github.com/Arheon/markus-backend/internal/user/domain/repository/mocks/UserRepository_mock.go:125.92,127.3 1 0
github.com/Arheon/markus-backend/internal/user/domain/repository/mocks/UserRepository_mock.go:128.2,128.83 1 0
github.com/Arheon/markus-backend/internal/user/domain/repository/mocks/UserRepository_mock.go:128.83,130.3 1 0
github.com/Arheon/markus-backend/internal/user/domain/repository/mocks/UserRepository_mock.go:130.8,131.24 1 0
github.com/Arheon/markus-backend/internal/user/domain/repository/mocks/UserRepository_mock.go:131.24,133.4 1 0
github.com/Arheon/markus-backend/internal/user/domain/repository/mocks/UserRepository_mock.go:135.2,135.76 1 0
github.com/Arheon/markus-backend/internal/user/domain/repository/mocks/UserRepository_mock.go:135.76,137.3 1 0
github.com/Arheon/markus-backend/internal/user/domain/repository/mocks/UserRepository_mock.go:137.8,139.3 1 0
github.com/Arheon/markus-backend/internal/user/domain/repository/mocks/UserRepository_mock.go:140.2,140.15 1 0
github.com/Arheon/markus-backend/internal/user/domain/repository/mocks/UserRepository_mock.go:151.131,153.2 1 0
github.com/Arheon/markus-backend/internal/user/domain/repository/mocks/UserRepository_mock.go:155.140,156.40 1 0
github.com/Arheon/markus-backend/internal/user/domain/repository/mocks/UserRepository_mock.go:156.40,158.21 2 0
github.com/Arheon/markus-backend/internal/user/domain/repository/mocks/UserRepository_mock.go:158.21,160.4 1 0
github.com/Arheon/markus-backend/internal/user/domain/repository/mocks/UserRepository_mock.go:161.3,162.21 2 0
github.com/Arheon/markus-backend/internal/user/domain/repository/mocks/UserRepository_mock.go:162.21,164.4 1 0
github.com/Arheon/markus-backend/internal/user/domain/repository/mocks/UserRepository_mock.go:165.3,168.4 1 0
github.com/Arheon/markus-backend/internal/user/domain/repository/mocks/UserRepository_mock.go:170.2,170.11 1 0
github.com/Arheon/markus-backend/internal/user/domain/repository/mocks/UserRepository_mock.go:173.122,176.2 2 0
github.com/Arheon/markus-backend/internal/user/domain/repository/mocks/UserRepository_mock.go:178.171,181.2 2 0
github.com/Arheon/markus-backend/internal/user/infrastructure/repository/user/repository.go:19.45,21.2 1 1
github.com/Arheon/markus-backend/internal/user/infrastructure/repository/user/repository.go:23.134,25.16 2 1
github.com/Arheon/markus-backend/internal/user/infrastructure/repository/user/repository.go:25.16,27.3 1 0
github.com/Arheon/markus-backend/internal/user/infrastructure/repository/user/repository.go:29.2,29.15 1 1
github.com/Arheon/markus-backend/internal/user/infrastructure/repository/user/repository.go:29.15,31.3 1 1
github.com/Arheon/markus-backend/internal/user/infrastructure/repository/user/repository.go:33.2,43.16 4 1
github.com/Arheon/markus-backend/internal/user/infrastructure/repository/user/repository.go:43.16,45.3 1 0
github.com/Arheon/markus-backend/internal/user/infrastructure/repository/user/repository.go:47.2,47.21 1 1
github.com/Arheon/markus-backend/internal/user/infrastructure/repository/user/repository.go:50.98,52.2 1 0
github.com/Arheon/markus-backend/internal/user/domain/command/create_user/create_user.go:21.83,26.2 1 1
github.com/Arheon/markus-backend/internal/user/domain/command/create_user/create_user.go:28.76,33.56 4 1
github.com/Arheon/markus-backend/internal/user/domain/command/create_user/create_user.go:33.56,35.3 1 1
github.com/Arheon/markus-backend/internal/user/domain/command/create_user/create_user.go:37.2,37.64 1 1
github.com/Arheon/markus-backend/internal/user/domain/command/create_user/create_user.go:37.64,39.3 1 1
github.com/Arheon/markus-backend/internal/user/domain/command/create_user/create_user.go:41.2,43.16 3 1
github.com/Arheon/markus-backend/internal/user/domain/command/create_user/create_user.go:43.16,45.3 1 1
github.com/Arheon/markus-backend/internal/user/domain/command/create_user/create_user.go:47.2,47.21 1 1
github.com/Arheon/markus-backend/internal/server/infrastructure/repository/server/repository.go:20.45,24.2 1 1
github.com/Arheon/markus-backend/internal/server/infrastructure/repository/server/repository.go:26.112,33.70 1 0
github.com/Arheon/markus-backend/internal/server/infrastructure/repository/server/repository.go:33.70,36.5 2 0
github.com/Arheon/markus-backend/internal/server/infrastructure/repository/server/repository.go:39.2,39.24 1 0
github.com/Arheon/markus-backend/internal/server/infrastructure/repository/server/repository.go:42.123,44.16 2 1
github.com/Arheon/markus-backend/internal/server/infrastructure/repository/server/repository.go:44.16,46.3 1 1
github.com/Arheon/markus-backend/internal/server/infrastructure/repository/server/repository.go:48.2,56.16 3 0
github.com/Arheon/markus-backend/internal/server/infrastructure/repository/server/repository.go:56.16,58.3 1 0
github.com/Arheon/markus-backend/internal/server/infrastructure/repository/server/repository.go:60.2,60.23 1 0
github.com/Arheon/markus-backend/internal/user/infrastructure/repository/user/repository.go:19.45,21.2 1 1
github.com/Arheon/markus-backend/internal/user/infrastructure/repository/user/repository.go:23.134,25.16 2 1
github.com/Arheon/markus-backend/internal/user/infrastructure/repository/user/repository.go:25.16,27.3 1 0
github.com/Arheon/markus-backend/internal/user/infrastructure/repository/user/repository.go:29.2,29.15 1 1
github.com/Arheon/markus-backend/internal/user/infrastructure/repository/user/repository.go:29.15,31.3 1 1
github.com/Arheon/markus-backend/internal/user/infrastructure/repository/user/repository.go:33.2,43.16 4 1
github.com/Arheon/markus-backend/internal/user/infrastructure/repository/user/repository.go:43.16,45.3 1 0
github.com/Arheon/markus-backend/internal/user/infrastructure/repository/user/repository.go:47.2,47.21 1 1
github.com/Arheon/markus-backend/internal/user/infrastructure/repository/user/repository.go:50.98,52.2 1 0
